.\mvnw.cmd : WARNING: A restricted method 
in java.lang.System has been called
At line:1 char:1
+ .\mvnw.cmd compile 2>&1 | Out-File 
-FilePath compile_errors.txt; Get- ...
+ ~~~~~~~~~~~~~~~~~~~~~~~
    + CategoryInfo          : NotSpecifie 
   d: (WARNING: A rest...has been called  
  :String) [], RemoteException
    + FullyQualifiedErrorId : NativeComma 
   ndError
 
WARNING: java.lang.System::load has been 
called by 
org.fusesource.jansi.internal.JansiLoader 
in an unnamed module (file:/C:/Users/udayv
/.m2/wrapper/dists/apache-maven-3.9.6-bin/
3311e1d4/apache-maven-3.9.6/lib/jansi-2.4.
0.jar)
WARNING: Use 
--enable-native-access=ALL-UNNAMED to 
avoid a warning for callers in this module
WARNING: Restricted methods will be 
blocked in a future release unless native 
access is enabled

WARNING: A terminally deprecated method 
in sun.misc.Unsafe has been called
WARNING: 
sun.misc.Unsafe::objectFieldOffset has 
been called by com.google.common.util.conc
urrent.AbstractFuture$UnsafeAtomicHelper (
file:/C:/Users/udayv/.m2/wrapper/dists/apa
che-maven-3.9.6-bin/3311e1d4/apache-maven-
3.9.6/lib/guava-32.0.1-jre.jar)
WARNING: Please consider reporting this 
to the maintainers of class com.google.com
mon.util.concurrent.AbstractFuture$UnsafeA
tomicHelper
WARNING: 
sun.misc.Unsafe::objectFieldOffset will 
be removed in a future release
[INFO] Scanning for projects...
[INFO] 
[INFO] -----------------------< com.bloodbank:backend >------------------------
[INFO] Building Blood Bank Backend 1.0.0
[INFO]   from pom.xml
[INFO] --------------------------------[ jar ]---------------------------------
[INFO] 
[INFO] --- resources:3.3.1:resources (default-resources) @ backend ---
[INFO] Copying 1 resource from src\main\resources to target\classes
[INFO] Copying 0 resource from src\main\resources to target\classes
[INFO] 
[INFO] --- compiler:3.11.0:compile (default-compile) @ backend ---
[INFO] Changes detected - recompiling the module! :source
[INFO] Compiling 43 source files with javac [debug release 17] to target\classes
[INFO] -------------------------------------------------------------
[ERROR] COMPILATION ERROR : 
[INFO] -------------------------------------------------------------
[ERROR] /D:/blood bank project/backend/src/main/java/com/bloodbank/entity/DonorRequest.java:[4,14] package lombok does not exist
[ERROR] /D:/blood bank project/backend/src/main/java/com/bloodbank/entity/DonorRequest.java:[5,14] package lombok does not exist
[ERROR] /D:/blood bank project/backend/src/main/java/com/bloodbank/entity/DonorRequest.java:[11,2] cannot find symbol
  symbol: class Data
[ERROR] /D:/blood bank project/backend/src/main/java/com/bloodbank/entity/DonorRequest.java:[12,2] cannot find symbol
  symbol: class NoArgsConstructor
[ERROR] /D:/blood bank project/backend/src/main/java/com/bloodbank/service/DonorService.java:[495,40] cannot find symbol
  symbol:   method getId()
  location: variable request of type com.bloodbank.entity.DonorRequest
[ERROR] /D:/blood bank project/backend/src/main/java/com/bloodbank/service/DonorService.java:[511,31] cannot find symbol
  symbol:   method getId()
  location: variable req of type com.bloodbank.entity.DonorRequest
[ERROR] /D:/blood bank project/backend/src/main/java/com/bloodbank/service/DonorService.java:[512,38] cannot find symbol
  symbol:   method getDonor()
  location: variable req of type com.bloodbank.entity.DonorRequest
[ERROR] /D:/blood bank project/backend/src/main/java/com/bloodbank/service/DonorService.java:[513,38] cannot find symbol
  symbol:   method getDonor()
  location: variable req of type com.bloodbank.entity.DonorRequest
[ERROR] /D:/blood bank project/backend/src/main/java/com/bloodbank/service/DonorService.java:[514,35] cannot find symbol
  symbol:   method getStatus()
  location: variable req of type com.bloodbank.entity.DonorRequest
[ERROR] /D:/blood bank project/backend/src/main/java/com/bloodbank/service/DonorService.java:[515,40] cannot find symbol
  symbol:   method getRequestedAt()
  location: variable req of type com.bloodbank.entity.DonorRequest
[ERROR] /D:/blood bank project/backend/src/main/java/com/bloodbank/service/DonorService.java:[516,40] cannot find symbol
  symbol:   method getRespondedAt()
  location: variable req of type com.bloodbank.entity.DonorRequest
[INFO] 11 errors 
[INFO] -------------------------------------------------------------
[INFO] ------------------------------------------------------------------------
[INFO] BUILD FAILURE
[INFO] ------------------------------------------------------------------------
[INFO] Total time:  4.378 s
[INFO] Finished at: 2025-12-14T23:46:30+05:30
[INFO] ------------------------------------------------------------------------
[ERROR] Failed to execute goal org.apache.maven.plugins:maven-compiler-plugin:3.11.0:compile (default-compile) on project backend: Compilation failure: Compilation failure: 
[ERROR] /D:/blood bank project/backend/src/main/java/com/bloodbank/entity/DonorRequest.java:[4,14] package lombok does not exist
[ERROR] /D:/blood bank project/backend/src/main/java/com/bloodbank/entity/DonorRequest.java:[5,14] package lombok does not exist
[ERROR] /D:/blood bank project/backend/src/main/java/com/bloodbank/entity/DonorRequest.java:[11,2] cannot find symbol
[ERROR]   symbol: class Data
[ERROR] /D:/blood bank project/backend/src/main/java/com/bloodbank/entity/DonorRequest.java:[12,2] cannot find symbol
[ERROR]   symbol: class NoArgsConstructor
[ERROR] /D:/blood bank project/backend/src/main/java/com/bloodbank/service/DonorService.java:[495,40] cannot find symbol
[ERROR]   symbol:   method getId()
[ERROR]   location: variable request of type com.bloodbank.entity.DonorRequest
[ERROR] /D:/blood bank project/backend/src/main/java/com/bloodbank/service/DonorService.java:[511,31] cannot find symbol
[ERROR]   symbol:   method getId()
[ERROR]   location: variable req of type com.bloodbank.entity.DonorRequest
[ERROR] /D:/blood bank project/backend/src/main/java/com/bloodbank/service/DonorService.java:[512,38] cannot find symbol
[ERROR]   symbol:   method getDonor()
[ERROR]   location: variable req of type com.bloodbank.entity.DonorRequest
[ERROR] /D:/blood bank project/backend/src/main/java/com/bloodbank/service/DonorService.java:[513,38] cannot find symbol
[ERROR]   symbol:   method getDonor()
[ERROR]   location: variable req of type com.bloodbank.entity.DonorRequest
[ERROR] /D:/blood bank project/backend/src/main/java/com/bloodbank/service/DonorService.java:[514,35] cannot find symbol
[ERROR]   symbol:   method getStatus()
[ERROR]   location: variable req of type com.bloodbank.entity.DonorRequest
[ERROR] /D:/blood bank project/backend/src/main/java/com/bloodbank/service/DonorService.java:[515,40] cannot find symbol
[ERROR]   symbol:   method getRequestedAt()
[ERROR]   location: variable req of type com.bloodbank.entity.DonorRequest
[ERROR] /D:/blood bank project/backend/src/main/java/com/bloodbank/service/DonorService.java:[516,40] cannot find symbol
[ERROR]   symbol:   method getRespondedAt()
[ERROR]   location: variable req of type com.bloodbank.entity.DonorRequest
[ERROR] -> [Help 1]
[ERROR] 
[ERROR] To see the full stack trace of the errors, re-run Maven with the -e switch.
[ERROR] Re-run Maven using the -X switch to enable full debug logging.
[ERROR] 
[ERROR] For more information about the errors and possible solutions, please read the following articles:
[ERROR] [Help 1] http://cwiki.apache.org/confluence/display/MAVEN/MojoFailureException
