.\mvnw.cmd : WARNING: A restricted 
method in java.lang.System has been 
called
At line:1 char:1
+ .\mvnw.cmd compile 2>&1 > 
compile_output.txt; Get-Content 
compile_out ...
+ ~~~~~~~~~~~~~~~~~~~~~~~~~~~~~~~~~~~
~~~~~~~~~
    + CategoryInfo          : NotSpe 
   cified: (WARNING: A rest...has b  
  een called:String) [], RemoteExc   
 eption
    + FullyQualifiedErrorId : Native 
   CommandError
 
WARNING: java.lang.System::load has 
been called by org.fusesource.jansi.i
nternal.JansiLoader in an unnamed 
module (file:/C:/Users/udayv/.m2/wrap
per/dists/apache-maven-3.9.6-bin/3311
e1d4/apache-maven-3.9.6/lib/jansi-2.4
.0.jar)
WARNING: Use 
--enable-native-access=ALL-UNNAMED 
to avoid a warning for callers in 
this module
WARNING: Restricted methods will be 
blocked in a future release unless 
native access is enabled

WARNING: A terminally deprecated 
method in sun.misc.Unsafe has been 
called
WARNING: 
sun.misc.Unsafe::objectFieldOffset 
has been called by com.google.common.
util.concurrent.AbstractFuture$Unsafe
AtomicHelper (file:/C:/Users/udayv/.m
2/wrapper/dists/apache-maven-3.9.6-bi
n/3311e1d4/apache-maven-3.9.6/lib/gua
va-32.0.1-jre.jar)
WARNING: Please consider reporting 
this to the maintainers of class com.
google.common.util.concurrent.Abstrac
tFuture$UnsafeAtomicHelper
WARNING: 
sun.misc.Unsafe::objectFieldOffset 
will be removed in a future release
[INFO] Scanning for projects...
[INFO] 
[INFO] -----------------------< com.bloodbank:backend >------------------------
[INFO] Building Blood Bank Backend 1.0.0
[INFO]   from pom.xml
[INFO] --------------------------------[ jar ]---------------------------------
[INFO] 
[INFO] --- resources:3.3.1:resources (default-resources) @ backend ---
[INFO] Copying 1 resource from src\main\resources to target\classes
[INFO] Copying 0 resource from src\main\resources to target\classes
[INFO] 
[INFO] --- compiler:3.11.0:compile (default-compile) @ backend ---
[INFO] Changes detected - recompiling the module! :source
[INFO] Compiling 50 source files with javac [debug release 17] to target\classes
[INFO] -------------------------------------------------------------
[ERROR] COMPILATION ERROR : 
[INFO] -------------------------------------------------------------
[ERROR] /D:/blood bank project/backend/src/main/java/com/bloodbank/controller/BloodUnitController.java:[285,21] cannot find symbol
  symbol:   variable log
  location: class com.bloodbank.controller.BloodUnitController
[ERROR] /D:/blood bank project/backend/src/main/java/com/bloodbank/controller/BloodUnitController.java:[290,21] cannot find symbol
  symbol:   variable log
  location: class com.bloodbank.controller.BloodUnitController
[INFO] 2 errors 
[INFO] -------------------------------------------------------------
[INFO] ------------------------------------------------------------------------
[INFO] BUILD FAILURE
[INFO] ------------------------------------------------------------------------
[INFO] Total time:  4.747 s
[INFO] Finished at: 2025-12-18T16:28:28+05:30
[INFO] ------------------------------------------------------------------------
[ERROR] Failed to execute goal org.apache.maven.plugins:maven-compiler-plugin:3.11.0:compile (default-compile) on project backend: Compilation failure: Compilation failure: 
[ERROR] /D:/blood bank project/backend/src/main/java/com/bloodbank/controller/BloodUnitController.java:[285,21] cannot find symbol
[ERROR]   symbol:   variable log
[ERROR]   location: class com.bloodbank.controller.BloodUnitController
[ERROR] /D:/blood bank project/backend/src/main/java/com/bloodbank/controller/BloodUnitController.java:[290,21] cannot find symbol
[ERROR]   symbol:   variable log
[ERROR]   location: class com.bloodbank.controller.BloodUnitController
[ERROR] -> [Help 1]
[ERROR] 
[ERROR] To see the full stack trace of the errors, re-run Maven with the -e switch.
[ERROR] Re-run Maven using the -X switch to enable full debug logging.
[ERROR] 
[ERROR] For more information about the errors and possible solutions, please read the following articles:
[ERROR] [Help 1] http://cwiki.apache.org/confluence/display/MAVEN/MojoFailureException
